******************************************************************************
                  TI ARM Linker PC v20.2.7                     
******************************************************************************
>> Linked Fri Feb  7 18:11:04 2025

OUTPUT FILE NAME:   <AUTOSAR_Project.out>
ENTRY POINT SYMBOL: "_c_int00_noargs"  address: 0000122d


MEMORY CONFIGURATION

         name            origin    length      used     unused   attr    fill
----------------------  --------  ---------  --------  --------  ----  --------
  FLASH                 00000000   00040000  000012f6  0003ed0a  R  X
  SRAM                  20000000   00008000  00000216  00007dea  RW X


SEGMENT ALLOCATION MAP

run origin  load origin   length   init length attrs members
----------  ----------- ---------- ----------- ----- -------
00000000    00000000    000012f8   000012f8    r-x
  00000000    00000000    0000026c   0000026c    r-- .intvecs
  0000026c    0000026c    00001056   00001056    r-x .text
  000012c2    000012c2    00000014   00000014    r-- .const
  000012d8    000012d8    00000020   00000020    r-- .cinit
20000000    20000000    00000216   00000000    rw-
  20000000    20000000    00000200   00000000    rw- .stack
  20000200    20000200    00000016   00000000    rw- .data


SECTION ALLOCATION MAP

 output                                  attributes/
section   page    origin      length       input sections
--------  ----  ----------  ----------   ----------------
.intvecs   0    00000000    0000026c     
                  00000000    0000026c     tm4c123gh6pm_startup_ccs.obj (.intvecs)

.text      0    0000026c    00001056     
                  0000026c    00000930     Port.obj (.text)
                  00000b9c    0000030c     Dio.obj (.text)
                  00000ea8    000000a8     Os.obj (.text)
                  00000f50    0000009c     rtsv7M4_T_le_v4SPD16_eabi.lib : memcpy_t2.asm.obj (.text)
                  00000fec    0000007c     Button.obj (.text)
                  00001068    0000007c     Gpt.obj (.text)
                  000010e4    00000068     rtsv7M4_T_le_v4SPD16_eabi.lib : copy_decompress_lzss.c.obj (.text:decompress:lzss:__TI_decompress_lzss)
                  0000114c    0000005c     App.obj (.text)
                  000011a8    00000044     rtsv7M4_T_le_v4SPD16_eabi.lib : autoinit.c.obj (.text:__TI_auto_init_nobinit_nopinit:__TI_auto_init_nobinit_nopinit)
                  000011ec    0000003e     Led.obj (.text)
                  0000122a    00000002     --HOLE-- [fill = 0]
                  0000122c    00000034     rtsv7M4_T_le_v4SPD16_eabi.lib : boot_cortex_m.c.obj (.text:_c_int00_noargs:_c_int00_noargs)
                  00001260    00000020     Mcu.obj (.text)
                  00001280    00000016     Det.obj (.text)
                  00001296    0000000e     rtsv7M4_T_le_v4SPD16_eabi.lib : copy_decompress_none.c.obj (.text:decompress:none:__TI_decompress_none)
                  000012a4    0000000c     tm4c123gh6pm_startup_ccs.obj (.text)
                  000012b0    0000000a     main.obj (.text)
                  000012ba    00000004     rtsv7M4_T_le_v4SPD16_eabi.lib : pre_init.c.obj (.text:_system_pre_init)
                  000012be    00000004                                   : exit.c.obj (.text:abort:abort)

.const     0    000012c2    00000014     
                  000012c2    00000010     Port_PBCfg.obj (.const:Port_Configuration)
                  000012d2    00000004     Dio_PBcfg.obj (.const:Dio_Configuration)

.cinit     0    000012d8    00000020     
                  000012d8    0000000e     (.cinit..data.load) [load image, compression = lzss]
                  000012e6    00000002     --HOLE-- [fill = 0]
                  000012e8    00000008     (__TI_handler_table)
                  000012f0    00000008     (__TI_cinit_table)

.init_array 
*          0    00000000    00000000     UNINITIALIZED

.data      0    20000200    00000016     UNINITIALIZED
                  20000200    00000005     Dio.obj (.data)
                  20000205    00000003     Button.obj (.data)
                  20000208    00000005     Port.obj (.data)
                  2000020d    00000002     App.obj (.data)
                  2000020f    00000001     --HOLE--
                  20000210    00000004     Gpt.obj (.data)
                  20000214    00000002     Os.obj (.data)

.stack     0    20000000    00000200     UNINITIALIZED
                  20000000    00000004     rtsv7M4_T_le_v4SPD16_eabi.lib : boot_cortex_m.c.obj (.stack)
                  20000004    000001fc     --HOLE--

__llvm_prf_cnts 
*          0    20000000    00000000     UNINITIALIZED

MODULE SUMMARY

       Module                         code   ro data   rw data
       ------                         ----   -------   -------
    .\
       Port.obj                       2352   0         5      
       Dio.obj                        780    0         5      
       tm4c123gh6pm_startup_ccs.obj   12     620       0      
       Os.obj                         168    0         2      
       Gpt.obj                        124    0         4      
       Button.obj                     124    0         3      
       App.obj                        92     0         2      
       Led.obj                        62     0         0      
       Mcu.obj                        32     0         0      
       Det.obj                        22     0         0      
       Port_PBCfg.obj                 0      16        0      
       main.obj                       10     0         0      
       Dio_PBcfg.obj                  0      4         0      
    +--+------------------------------+------+---------+---------+
       Total:                         3778   640       21     
                                                              
    C:\ti\ccs1281\ccs\tools\compiler\ti-cgt-arm_20.2.7.LTS\lib\rtsv7M4_T_le_v4SPD16_eabi.lib
       memcpy_t2.asm.obj              156    0         0      
       copy_decompress_lzss.c.obj     104    0         0      
       autoinit.c.obj                 68     0         0      
       boot_cortex_m.c.obj            52     0         0      
       copy_decompress_none.c.obj     14     0         0      
       exit.c.obj                     4      0         0      
       pre_init.c.obj                 4      0         0      
    +--+------------------------------+------+---------+---------+
       Total:                         402    0         0      
                                                              
       Stack:                         0      0         512    
       Linker Generated:              0      30        0      
    +--+------------------------------+------+---------+---------+
       Grand Total:                   4180   670       533    


LINKER GENERATED COPY TABLES

__TI_cinit_table @ 000012f0 records: 1, size/record: 8, table size: 8
	.data: load addr=000012d8, load size=0000000e bytes, run addr=20000200, run size=00000016 bytes, compression=lzss


LINKER GENERATED HANDLER TABLE

__TI_handler_table @ 000012e8 records: 2, size/record: 4, table size: 8
	index: 0, handler: __TI_decompress_lzss
	index: 1, handler: __TI_decompress_none


GLOBAL SYMBOLS: SORTED ALPHABETICALLY BY Name 

address   name                          
-------   ----                          
00001171  App_Task                      
00000fed  Button_GetState               
00000ff3  Button_RefreshState           
00001161  Button_Task                   
000012bf  C$$EXIT                       
00001281  Det_ReportError               
000012d2  Dio_Configuration             
00000d7b  Dio_FlipChannel               
00000b9d  Dio_Init                      
00000ca1  Dio_ReadChannel               
00000bc1  Dio_WriteChannel              
0000114d  Init_Task                     
00001205  Led_RefreshOutput             
000011f9  Led_SetOff                    
000011ed  Led_SetOn                     
00001169  Led_Task                      
0000121d  Led_Toggle                    
00001261  Mcu_Init                      
00000ec3  Os_NewTimerTick               
00000ed3  Os_Scheduler                  
00000ea9  Os_start                      
000012c2  Port_Configuration            
0000026d  Port_Init                     
00000a71  Port_RefreshPortDirection     
000012a5  ResetISR                      
00001069  SysTick_Handler               
000010c1  SysTick_SetCallBack           
00001079  SysTick_Start                 
000010b9  SysTick_Stop                  
20000200  __STACK_END                   
00000200  __STACK_SIZE                  
20000200  __STACK_TOP                   
000012f0  __TI_CINIT_Base               
000012f8  __TI_CINIT_Limit              
000012e8  __TI_Handler_Table_Base       
000012f0  __TI_Handler_Table_Limit      
000011a9  __TI_auto_init_nobinit_nopinit
000010e5  __TI_decompress_lzss          
00001297  __TI_decompress_none          
ffffffff  __TI_pprof_out_hndl           
ffffffff  __TI_prof_data_size           
ffffffff  __TI_prof_data_start          
00000000  __TI_static_base__            
00000f51  __aeabi_memcpy                
00000f51  __aeabi_memcpy4               
00000f51  __aeabi_memcpy8               
ffffffff  __binit__                     
ffffffff  __c_args__                    
UNDEFED   __mpu_init                    
20000000  __stack                       
20000000  __start___llvm_prf_cnts       
20000000  __stop___llvm_prf_cnts        
0000122d  _c_int00_noargs               
UNDEFED   _system_post_cinit            
000012bb  _system_pre_init              
000012bf  abort                         
ffffffff  binit                         
00000000  g_pfnVectors                  
000012b1  main                          
00000f51  memcpy                        


GLOBAL SYMBOLS: SORTED BY Symbol Address 

address   name                          
-------   ----                          
00000000  __TI_static_base__            
00000000  g_pfnVectors                  
00000200  __STACK_SIZE                  
0000026d  Port_Init                     
00000a71  Port_RefreshPortDirection     
00000b9d  Dio_Init                      
00000bc1  Dio_WriteChannel              
00000ca1  Dio_ReadChannel               
00000d7b  Dio_FlipChannel               
00000ea9  Os_start                      
00000ec3  Os_NewTimerTick               
00000ed3  Os_Scheduler                  
00000f51  __aeabi_memcpy                
00000f51  __aeabi_memcpy4               
00000f51  __aeabi_memcpy8               
00000f51  memcpy                        
00000fed  Button_GetState               
00000ff3  Button_RefreshState           
00001069  SysTick_Handler               
00001079  SysTick_Start                 
000010b9  SysTick_Stop                  
000010c1  SysTick_SetCallBack           
000010e5  __TI_decompress_lzss          
0000114d  Init_Task                     
00001161  Button_Task                   
00001169  Led_Task                      
00001171  App_Task                      
000011a9  __TI_auto_init_nobinit_nopinit
000011ed  Led_SetOn                     
000011f9  Led_SetOff                    
00001205  Led_RefreshOutput             
0000121d  Led_Toggle                    
0000122d  _c_int00_noargs               
00001261  Mcu_Init                      
00001281  Det_ReportError               
00001297  __TI_decompress_none          
000012a5  ResetISR                      
000012b1  main                          
000012bb  _system_pre_init              
000012bf  C$$EXIT                       
000012bf  abort                         
000012c2  Port_Configuration            
000012d2  Dio_Configuration             
000012e8  __TI_Handler_Table_Base       
000012f0  __TI_CINIT_Base               
000012f0  __TI_Handler_Table_Limit      
000012f8  __TI_CINIT_Limit              
20000000  __stack                       
20000000  __start___llvm_prf_cnts       
20000000  __stop___llvm_prf_cnts        
20000200  __STACK_END                   
20000200  __STACK_TOP                   
ffffffff  __TI_pprof_out_hndl           
ffffffff  __TI_prof_data_size           
ffffffff  __TI_prof_data_start          
ffffffff  __binit__                     
ffffffff  __c_args__                    
ffffffff  binit                         
UNDEFED   __mpu_init                    
UNDEFED   _system_post_cinit            

[60 symbols]
